[2026-08-29 23:49:18] 开始同步...
From https://github.com/Tengsen1/Nas-knowledge-base
 * branch            main       -> FETCH_HEAD
Already up to date.
[main 0e50dab] vault backup: 2026-08-29 23:49:24
 3 files changed, 32 insertions(+)
 mode change 100755 => 100644 "90_\346\250\241\346\235\277/sync-skills-to-obsidian.sh"
 create mode 100755 sync-vault.sh
 create mode 100644 sync.log
To https://github.com/Tengsen1/Nas-knowledge-base.git
   019c47e..0e50dab  main -> main
[2026-08-29 23:49:27] 已提交并推送变更
[2026-08-29 23:49:27] 同步完成
----------------------------------------
[2026-08-30 00:00:01] 开始同步...
From https://github.com/Tengsen1/Nas-knowledge-base
   0e50dab..df11ec1  main       -> origin/main
From https://github.com/Tengsen1/Nas-knowledge-base
 * branch            main       -> FETCH_HEAD
Updating 0e50dab..df11ec1
Fast-forward
 .gitignore | 4 ++++
 1 file changed, 4 insertions(+)
